MSBuild version 17.5.1+f6fdcf537 for .NET
  Determinando los proyectos que se van a restaurar...
  Todos los proyectos est├ín actualizados para la restauraci├│n.
C:\Program Files\dotnet\sdk\7.0.203\Sdks\Microsoft.NET.Sdk\targets\Microsoft.NET.Sdk.DefaultItems.targets(153,5): warning NETSDK1137: Ya no es necesario usar el SDK de Microsoft.NET.Sdk.WindowsDesktop. Puede cambiar el atributo Sdk del elemento del proyecto ra├¡z a "Microsoft.NET.Sdk". [C:\Users\Usuario\OneDrive\Escritorio\metodos de optimalidad\OptimizacionTransporte\OptimizacionTransporte.csproj]
C:\Users\Usuario\OneDrive\Escritorio\metodos de optimalidad\OptimizacionTransporte\Forms\FrmPrincipal.cs(223,31): warning CS8602: Desreferencia de una referencia posiblemente NULL. [C:\Users\Usuario\OneDrive\Escritorio\metodos de optimalidad\OptimizacionTransporte\OptimizacionTransporte.csproj]
C:\Users\Usuario\OneDrive\Escritorio\metodos de optimalidad\OptimizacionTransporte\Forms\FrmPrincipal.cs(229,36): warning CS8604: Posible argumento de referencia nulo para el par├ímetro "dgv" en "void FrmPrincipal.ConfigurarDataGridView(DataGridView dgv, int filas, int columnas, string nombreBase)". [C:\Users\Usuario\OneDrive\Escritorio\metodos de optimalidad\OptimizacionTransporte\OptimizacionTransporte.csproj]
C:\Users\Usuario\OneDrive\Escritorio\metodos de optimalidad\OptimizacionTransporte\Forms\FrmPrincipal.cs(230,36): warning CS8604: Posible argumento de referencia nulo para el par├ímetro "dgv" en "void FrmPrincipal.ConfigurarDataGridView(DataGridView dgv, int filas, int columnas, string nombreBase)". [C:\Users\Usuario\OneDrive\Escritorio\metodos de optimalidad\OptimizacionTransporte\OptimizacionTransporte.csproj]
C:\Users\Usuario\OneDrive\Escritorio\metodos de optimalidad\OptimizacionTransporte\Forms\FrmPrincipal.cs(231,36): warning CS8604: Posible argumento de referencia nulo para el par├ímetro "dgv" en "void FrmPrincipal.ConfigurarDataGridView(DataGridView dgv, int filas, int columnas, string nombreBase)". [C:\Users\Usuario\OneDrive\Escritorio\metodos de optimalidad\OptimizacionTransporte\OptimizacionTransporte.csproj]
C:\Users\Usuario\OneDrive\Escritorio\metodos de optimalidad\OptimizacionTransporte\Solvers\HungarianSolver.cs(27,17): warning CS0219: La variable 'paso' est├í asignada pero su valor nunca se usa [C:\Users\Usuario\OneDrive\Escritorio\metodos de optimalidad\OptimizacionTransporte\OptimizacionTransporte.csproj]
C:\Users\Usuario\OneDrive\Escritorio\metodos de optimalidad\OptimizacionTransporte\Forms\FrmPrincipal.cs(262,28): warning CS8625: No se puede convertir un literal NULL en un tipo de referencia que no acepta valores NULL. [C:\Users\Usuario\OneDrive\Escritorio\metodos de optimalidad\OptimizacionTransporte\OptimizacionTransporte.csproj]
C:\Users\Usuario\OneDrive\Escritorio\metodos de optimalidad\OptimizacionTransporte\Forms\FrmPrincipal.cs(263,22): warning CS8625: No se puede convertir un literal NULL en un tipo de referencia que no acepta valores NULL. [C:\Users\Usuario\OneDrive\Escritorio\metodos de optimalidad\OptimizacionTransporte\OptimizacionTransporte.csproj]
C:\Users\Usuario\OneDrive\Escritorio\metodos de optimalidad\OptimizacionTransporte\Forms\FrmPrincipal.cs(264,23): warning CS8625: No se puede convertir un literal NULL en un tipo de referencia que no acepta valores NULL. [C:\Users\Usuario\OneDrive\Escritorio\metodos de optimalidad\OptimizacionTransporte\OptimizacionTransporte.csproj]
C:\Users\Usuario\OneDrive\Escritorio\metodos de optimalidad\OptimizacionTransporte\Forms\FrmPrincipal.cs(272,25): warning CS8602: Desreferencia de una referencia posiblemente NULL. [C:\Users\Usuario\OneDrive\Escritorio\metodos de optimalidad\OptimizacionTransporte\OptimizacionTransporte.csproj]
C:\Users\Usuario\OneDrive\Escritorio\metodos de optimalidad\OptimizacionTransporte\Forms\FrmPrincipal.cs(293,42): warning CS8602: Desreferencia de una referencia posiblemente NULL. [C:\Users\Usuario\OneDrive\Escritorio\metodos de optimalidad\OptimizacionTransporte\OptimizacionTransporte.csproj]
C:\Users\Usuario\OneDrive\Escritorio\metodos de optimalidad\OptimizacionTransporte\Forms\FrmPrincipal.cs(301,42): warning CS8602: Desreferencia de una referencia posiblemente NULL. [C:\Users\Usuario\OneDrive\Escritorio\metodos de optimalidad\OptimizacionTransporte\OptimizacionTransporte.csproj]
C:\Users\Usuario\OneDrive\Escritorio\metodos de optimalidad\OptimizacionTransporte\Forms\FrmPrincipal.cs(338,13): warning CS8602: Desreferencia de una referencia posiblemente NULL. [C:\Users\Usuario\OneDrive\Escritorio\metodos de optimalidad\OptimizacionTransporte\OptimizacionTransporte.csproj]
C:\Users\Usuario\OneDrive\Escritorio\metodos de optimalidad\OptimizacionTransporte\Forms\FrmPrincipal.cs(339,13): warning CS8602: Desreferencia de una referencia posiblemente NULL. [C:\Users\Usuario\OneDrive\Escritorio\metodos de optimalidad\OptimizacionTransporte\OptimizacionTransporte.csproj]
C:\Users\Usuario\OneDrive\Escritorio\metodos de optimalidad\OptimizacionTransporte\Forms\FrmPrincipal.cs(340,13): warning CS8602: Desreferencia de una referencia posiblemente NULL. [C:\Users\Usuario\OneDrive\Escritorio\metodos de optimalidad\OptimizacionTransporte\OptimizacionTransporte.csproj]
C:\Users\Usuario\OneDrive\Escritorio\metodos de optimalidad\OptimizacionTransporte\Forms\FrmPrincipal.cs(343,41): warning CS8604: Posible argumento de referencia nulo para el par├ímetro "dgv" en "void FrmPrincipal.MostrarMatrizEnDataGridView(DataGridView dgv, double[,] matriz)". [C:\Users\Usuario\OneDrive\Escritorio\metodos de optimalidad\OptimizacionTransporte\OptimizacionTransporte.csproj]
C:\Users\Usuario\OneDrive\Escritorio\metodos de optimalidad\OptimizacionTransporte\Forms\FrmPrincipal.cs(343,56): warning CS8604: Posible argumento de referencia nulo para el par├ímetro "matriz" en "void FrmPrincipal.MostrarMatrizEnDataGridView(DataGridView dgv, double[,] matriz)". [C:\Users\Usuario\OneDrive\Escritorio\metodos de optimalidad\OptimizacionTransporte\OptimizacionTransporte.csproj]
C:\Users\Usuario\OneDrive\Escritorio\metodos de optimalidad\OptimizacionTransporte\Forms\FrmPrincipal.cs(346,13): warning CS8602: Desreferencia de una referencia posiblemente NULL. [C:\Users\Usuario\OneDrive\Escritorio\metodos de optimalidad\OptimizacionTransporte\OptimizacionTransporte.csproj]
C:\Users\Usuario\OneDrive\Escritorio\metodos de optimalidad\OptimizacionTransporte\Utilities\ExcelExporter.cs(30,48): warning CS8604: Posible argumento de referencia nulo para el par├ímetro "matriz" en "void ExcelExporter.ExportarMatriz(IXLWorksheet hoja, double[,] matriz, string titulo, int filaInicio)". [C:\Users\Usuario\OneDrive\Escritorio\metodos de optimalidad\OptimizacionTransporte\OptimizacionTransporte.csproj]
C:\Users\Usuario\OneDrive\Escritorio\metodos de optimalidad\OptimizacionTransporte\Forms\FrmPrincipal.cs(508,34): warning CS8604: Posible argumento de referencia nulo para el par├ímetro "source" en "double Enumerable.Min<ResultadoMetodo>(IEnumerable<ResultadoMetodo> source, Func<ResultadoMetodo, double> selector)". [C:\Users\Usuario\OneDrive\Escritorio\metodos de optimalidad\OptimizacionTransporte\OptimizacionTransporte.csproj]
C:\Users\Usuario\OneDrive\Escritorio\metodos de optimalidad\OptimizacionTransporte\Forms\FrmPrincipal.cs(517,13): warning CS8602: Desreferencia de una referencia posiblemente NULL. [C:\Users\Usuario\OneDrive\Escritorio\metodos de optimalidad\OptimizacionTransporte\OptimizacionTransporte.csproj]
  OptimizacionTransporte -> C:\Users\Usuario\OneDrive\Escritorio\metodos de optimalidad\OptimizacionTransporte\bin\Debug\net7.0-windows\OptimizadorIO.dll

Compilaci├│n correcta.

C:\Program Files\dotnet\sdk\7.0.203\Sdks\Microsoft.NET.Sdk\targets\Microsoft.NET.Sdk.DefaultItems.targets(153,5): warning NETSDK1137: Ya no es necesario usar el SDK de Microsoft.NET.Sdk.WindowsDesktop. Puede cambiar el atributo Sdk del elemento del proyecto ra├¡z a "Microsoft.NET.Sdk". [C:\Users\Usuario\OneDrive\Escritorio\metodos de optimalidad\OptimizacionTransporte\OptimizacionTransporte.csproj]
C:\Users\Usuario\OneDrive\Escritorio\metodos de optimalidad\OptimizacionTransporte\Forms\FrmPrincipal.cs(223,31): warning CS8602: Desreferencia de una referencia posiblemente NULL. [C:\Users\Usuario\OneDrive\Escritorio\metodos de optimalidad\OptimizacionTransporte\OptimizacionTransporte.csproj]
C:\Users\Usuario\OneDrive\Escritorio\metodos de optimalidad\OptimizacionTransporte\Forms\FrmPrincipal.cs(229,36): warning CS8604: Posible argumento de referencia nulo para el par├ímetro "dgv" en "void FrmPrincipal.ConfigurarDataGridView(DataGridView dgv, int filas, int columnas, string nombreBase)". [C:\Users\Usuario\OneDrive\Escritorio\metodos de optimalidad\OptimizacionTransporte\OptimizacionTransporte.csproj]
C:\Users\Usuario\OneDrive\Escritorio\metodos de optimalidad\OptimizacionTransporte\Forms\FrmPrincipal.cs(230,36): warning CS8604: Posible argumento de referencia nulo para el par├ímetro "dgv" en "void FrmPrincipal.ConfigurarDataGridView(DataGridView dgv, int filas, int columnas, string nombreBase)". [C:\Users\Usuario\OneDrive\Escritorio\metodos de optimalidad\OptimizacionTransporte\OptimizacionTransporte.csproj]
C:\Users\Usuario\OneDrive\Escritorio\metodos de optimalidad\OptimizacionTransporte\Forms\FrmPrincipal.cs(231,36): warning CS8604: Posible argumento de referencia nulo para el par├ímetro "dgv" en "void FrmPrincipal.ConfigurarDataGridView(DataGridView dgv, int filas, int columnas, string nombreBase)". [C:\Users\Usuario\OneDrive\Escritorio\metodos de optimalidad\OptimizacionTransporte\OptimizacionTransporte.csproj]
C:\Users\Usuario\OneDrive\Escritorio\metodos de optimalidad\OptimizacionTransporte\Solvers\HungarianSolver.cs(27,17): warning CS0219: La variable 'paso' est├í asignada pero su valor nunca se usa [C:\Users\Usuario\OneDrive\Escritorio\metodos de optimalidad\OptimizacionTransporte\OptimizacionTransporte.csproj]
C:\Users\Usuario\OneDrive\Escritorio\metodos de optimalidad\OptimizacionTransporte\Forms\FrmPrincipal.cs(262,28): warning CS8625: No se puede convertir un literal NULL en un tipo de referencia que no acepta valores NULL. [C:\Users\Usuario\OneDrive\Escritorio\metodos de optimalidad\OptimizacionTransporte\OptimizacionTransporte.csproj]
C:\Users\Usuario\OneDrive\Escritorio\metodos de optimalidad\OptimizacionTransporte\Forms\FrmPrincipal.cs(263,22): warning CS8625: No se puede convertir un literal NULL en un tipo de referencia que no acepta valores NULL. [C:\Users\Usuario\OneDrive\Escritorio\metodos de optimalidad\OptimizacionTransporte\OptimizacionTransporte.csproj]
C:\Users\Usuario\OneDrive\Escritorio\metodos de optimalidad\OptimizacionTransporte\Forms\FrmPrincipal.cs(264,23): warning CS8625: No se puede convertir un literal NULL en un tipo de referencia que no acepta valores NULL. [C:\Users\Usuario\OneDrive\Escritorio\metodos de optimalidad\OptimizacionTransporte\OptimizacionTransporte.csproj]
C:\Users\Usuario\OneDrive\Escritorio\metodos de optimalidad\OptimizacionTransporte\Forms\FrmPrincipal.cs(272,25): warning CS8602: Desreferencia de una referencia posiblemente NULL. [C:\Users\Usuario\OneDrive\Escritorio\metodos de optimalidad\OptimizacionTransporte\OptimizacionTransporte.csproj]
C:\Users\Usuario\OneDrive\Escritorio\metodos de optimalidad\OptimizacionTransporte\Forms\FrmPrincipal.cs(293,42): warning CS8602: Desreferencia de una referencia posiblemente NULL. [C:\Users\Usuario\OneDrive\Escritorio\metodos de optimalidad\OptimizacionTransporte\OptimizacionTransporte.csproj]
C:\Users\Usuario\OneDrive\Escritorio\metodos de optimalidad\OptimizacionTransporte\Forms\FrmPrincipal.cs(301,42): warning CS8602: Desreferencia de una referencia posiblemente NULL. [C:\Users\Usuario\OneDrive\Escritorio\metodos de optimalidad\OptimizacionTransporte\OptimizacionTransporte.csproj]
C:\Users\Usuario\OneDrive\Escritorio\metodos de optimalidad\OptimizacionTransporte\Forms\FrmPrincipal.cs(338,13): warning CS8602: Desreferencia de una referencia posiblemente NULL. [C:\Users\Usuario\OneDrive\Escritorio\metodos de optimalidad\OptimizacionTransporte\OptimizacionTransporte.csproj]
C:\Users\Usuario\OneDrive\Escritorio\metodos de optimalidad\OptimizacionTransporte\Forms\FrmPrincipal.cs(339,13): warning CS8602: Desreferencia de una referencia posiblemente NULL. [C:\Users\Usuario\OneDrive\Escritorio\metodos de optimalidad\OptimizacionTransporte\OptimizacionTransporte.csproj]
C:\Users\Usuario\OneDrive\Escritorio\metodos de optimalidad\OptimizacionTransporte\Forms\FrmPrincipal.cs(340,13): warning CS8602: Desreferencia de una referencia posiblemente NULL. [C:\Users\Usuario\OneDrive\Escritorio\metodos de optimalidad\OptimizacionTransporte\OptimizacionTransporte.csproj]
C:\Users\Usuario\OneDrive\Escritorio\metodos de optimalidad\OptimizacionTransporte\Forms\FrmPrincipal.cs(343,41): warning CS8604: Posible argumento de referencia nulo para el par├ímetro "dgv" en "void FrmPrincipal.MostrarMatrizEnDataGridView(DataGridView dgv, double[,] matriz)". [C:\Users\Usuario\OneDrive\Escritorio\metodos de optimalidad\OptimizacionTransporte\OptimizacionTransporte.csproj]
C:\Users\Usuario\OneDrive\Escritorio\metodos de optimalidad\OptimizacionTransporte\Forms\FrmPrincipal.cs(343,56): warning CS8604: Posible argumento de referencia nulo para el par├ímetro "matriz" en "void FrmPrincipal.MostrarMatrizEnDataGridView(DataGridView dgv, double[,] matriz)". [C:\Users\Usuario\OneDrive\Escritorio\metodos de optimalidad\OptimizacionTransporte\OptimizacionTransporte.csproj]
C:\Users\Usuario\OneDrive\Escritorio\metodos de optimalidad\OptimizacionTransporte\Forms\FrmPrincipal.cs(346,13): warning CS8602: Desreferencia de una referencia posiblemente NULL. [C:\Users\Usuario\OneDrive\Escritorio\metodos de optimalidad\OptimizacionTransporte\OptimizacionTransporte.csproj]
C:\Users\Usuario\OneDrive\Escritorio\metodos de optimalidad\OptimizacionTransporte\Utilities\ExcelExporter.cs(30,48): warning CS8604: Posible argumento de referencia nulo para el par├ímetro "matriz" en "void ExcelExporter.ExportarMatriz(IXLWorksheet hoja, double[,] matriz, string titulo, int filaInicio)". [C:\Users\Usuario\OneDrive\Escritorio\metodos de optimalidad\OptimizacionTransporte\OptimizacionTransporte.csproj]
C:\Users\Usuario\OneDrive\Escritorio\metodos de optimalidad\OptimizacionTransporte\Forms\FrmPrincipal.cs(508,34): warning CS8604: Posible argumento de referencia nulo para el par├ímetro "source" en "double Enumerable.Min<ResultadoMetodo>(IEnumerable<ResultadoMetodo> source, Func<ResultadoMetodo, double> selector)". [C:\Users\Usuario\OneDrive\Escritorio\metodos de optimalidad\OptimizacionTransporte\OptimizacionTransporte.csproj]
C:\Users\Usuario\OneDrive\Escritorio\metodos de optimalidad\OptimizacionTransporte\Forms\FrmPrincipal.cs(517,13): warning CS8602: Desreferencia de una referencia posiblemente NULL. [C:\Users\Usuario\OneDrive\Escritorio\metodos de optimalidad\OptimizacionTransporte\OptimizacionTransporte.csproj]
    21 Advertencia(s)
    0 Errores

Tiempo transcurrido 00:00:03.01
